LOAD 'pg_semver';
SELECT PG_SEMVER_BUMP('1.1.1', 0);
 pg_semver_bump 
----------------
 2.1.1
(1 row)

SELECT PG_SEMVER_BUMP('1.1.1', 1);
 pg_semver_bump 
----------------
 1.2.1
(1 row)

SELECT PG_SEMVER_BUMP('1.1.1', 2);
 pg_semver_bump 
----------------
 1.1.2
(1 row)

SELECT PG_SEMVER_BUMP('1.1.1-alpha.1', 0);
 pg_semver_bump 
----------------
 2.1.1-alpha.1
(1 row)

SELECT PG_SEMVER_BUMP('1.1.1-alpha.1', 1);
 pg_semver_bump 
----------------
 1.2.1-alpha.1
(1 row)

SELECT PG_SEMVER_BUMP('1.1.1-alpha.1', 2);
 pg_semver_bump 
----------------
 1.1.2-alpha.1
(1 row)

SELECT PG_SEMVER_BUMP('1.1.1-rc1*', 1);
ERROR:  Invalid Semver '1.1.1-rc1*'.
LINE 1: SELECT PG_SEMVER_BUMP('1.1.1-rc1*', 1);
                              ^
DETAIL:  Semver '1.1.1-rc1*' contains invalid character.
HINT:  Did you mean '1.1.1-rc1'?
SELECT PG_SEMVER_BUMP('1.1.1', -1);
ERROR:  Invalid bump number '-1'.
DETAIL:  Bump number should be between 0 and 2.
HINT:  Use bump number between 0 and 2.
SELECT PG_SEMVER_BUMP('1.1.1', 3);
ERROR:  Invalid bump number '3'.
DETAIL:  Bump number should be between 0 and 2.
HINT:  Use bump number between 0 and 2.
