LOAD 'vercomp';
SELECT VERSION_CMP('0.0.0', '0.0.1');
 version_cmp 
-------------
          -1
(1 row)

SELECT VERSION_CMP('0.0.1', '0.0.1');
 version_cmp 
-------------
           0
(1 row)

SELECT VERSION_CMP('0.0.2', '0.0.1');
 version_cmp 
-------------
           1
(1 row)

SELECT VERSION_CMP('1.0.0-alpha1', '1.0.0-alpha0');
 version_cmp 
-------------
           1
(1 row)

SELECT VERSION_CMP('1.0.0-alpha1', '1.0.0-alpha2');
 version_cmp 
-------------
          -1
(1 row)

SELECT VERSION_CMP('1.0.0-alpha1', '1.0.0-beta2');
 version_cmp 
-------------
          -1
(1 row)

SELECT VERSION_CMP('1.0.0-rc1', '1.0.0');
 version_cmp 
-------------
          -1
(1 row)

SELECT VERSION_CMP('1.0.0-rc1*', '1.0.0');
ERROR:  Invalid Version '1.0.0-rc1*'.
LINE 1: SELECT VERSION_CMP('1.0.0-rc1*', '1.0.0');
                           ^
DETAIL:  Version '1.0.0-rc1*' contains invalid characters.
HINT:  Did you mean '1.0.0-rc1'.
SELECT VERSION_CMP('1.0.0-rc@1', '1.0.0');
ERROR:  Invalid Version '1.0.0-rc@1'.
LINE 1: SELECT VERSION_CMP('1.0.0-rc@1', '1.0.0');
                           ^
DETAIL:  Version '1.0.0-rc@1' contains invalid characters.
HINT:  Did you mean '1.0.0-rc1'.
SELECT VERSION_CMP('1.0.0-rc#1', '1.0.0');
ERROR:  Invalid Version '1.0.0-rc#1'.
LINE 1: SELECT VERSION_CMP('1.0.0-rc#1', '1.0.0');
                           ^
DETAIL:  Version '1.0.0-rc#1' contains invalid characters.
HINT:  Did you mean '1.0.0-rc1'.
