LOAD 'vercomp';
CREATE TABLE versions(version VERSION);
INSERT INTO versions VALUES ('1.0.0'), ('0.0.0'), ('2.5.0-beta1'), ('2.0.0-rc1'),('2.10.0-beta0'), ('20.2.0-alpha'),
                            ('30.0.0'),  ('3.0.0'),  ('3.0.0-rc2'),  ('3.0.0-rc0'),  ('3.0.0-beta2'),  ('3.0.0-alpha0');
SELECT * FROM versions;
   version    
--------------
 1.0.0
 0.0.0
 2.5.0-beta1
 2.0.0-rc1
 2.10.0-beta0
 20.2.0-alpha
 30.0.0
 3.0.0
 3.0.0-rc2
 3.0.0-rc0
 3.0.0-beta2
 3.0.0-alpha0
(12 rows)

SELECT * FROM versions ORDER BY version;
   version    
--------------
 0.0.0
 1.0.0
 2.0.0-rc1
 2.5.0-beta1
 2.10.0-beta0
 3.0.0-alpha0
 3.0.0-beta2
 3.0.0-rc0
 3.0.0-rc2
 3.0.0
 20.2.0-alpha
 30.0.0
(12 rows)

SELECT * FROM versions ORDER BY version DESC;
   version    
--------------
 30.0.0
 20.2.0-alpha
 3.0.0
 3.0.0-rc2
 3.0.0-rc0
 3.0.0-beta2
 3.0.0-alpha0
 2.10.0-beta0
 2.5.0-beta1
 2.0.0-rc1
 1.0.0
 0.0.0
(12 rows)

DROP TABLE IF EXISTS versions;
