LOAD 'vercomp';
SELECT VERSION_BUMP('1.1.1', 0);
 version_bump 
--------------
 2.1.1
(1 row)

SELECT VERSION_BUMP('1.1.1', 1);
 version_bump 
--------------
 1.2.1
(1 row)

SELECT VERSION_BUMP('1.1.1', 2);
 version_bump 
--------------
 1.1.2
(1 row)

SELECT VERSION_BUMP('1.1.1-alpha.1', 0);
 version_bump  
---------------
 2.1.1-alpha.1
(1 row)

SELECT VERSION_BUMP('1.1.1-alpha.1', 1);
 version_bump  
---------------
 1.2.1-alpha.1
(1 row)

SELECT VERSION_BUMP('1.1.1-alpha.1', 2);
 version_bump  
---------------
 1.1.2-alpha.1
(1 row)

SELECT VERSION_BUMP('1.1.1-rc1*', 1);
ERROR:  Invalid Version '1.1.1-rc1*'.
LINE 1: SELECT VERSION_BUMP('1.1.1-rc1*', 1);
                            ^
DETAIL:  Version '1.1.1-rc1*' contains invalid character.
HINT:  Did you mean '1.1.1-rc1'?
SELECT VERSION_BUMP('1.1.1', -1);
ERROR:  Invalid bump number '-1'.
DETAIL:  Bump number should be between 0 and 2.
HINT:  Use bump number between 0 and 2.
SELECT VERSION_BUMP('1.1.1', 3);
ERROR:  Invalid bump number '3'.
DETAIL:  Bump number should be between 0 and 2.
HINT:  Use bump number between 0 and 2.
